// Jest Snapshot v1, https://goo.gl/fbAQLP

exports[`Stack page renders correctly 1`] = `
<div>
  <div
    className="container-fluid"
    style={
      Object {
        "paddingLeft": 30,
        "paddingTop": 60,
      }
    }
  >
    <div
      className="row"
      style={
        Object {
          "fontSize": 20,
          "fontWeight": 500,
          "justifyContent": "left",
          "paddingTop": 15,
        }
      }
    >
      Insert
    </div>
    <div
      className="row"
      style={
        Object {
          "justifyContent": "left",
        }
      }
    >
      <form
        className=""
      >
        <input
          className="my-1 mr-2 form-control"
          name="value"
          onChange={[Function]}
          placeholder="Value"
          type="text"
          value=""
        />
        <button
          className="my-1 btn btn-primary"
          disabled={false}
          onClick={[Function]}
          type="submit"
        >
          Push
        </button>
      </form>
    </div>
    <div
      className="row"
      style={
        Object {
          "fontSize": 20,
          "fontWeight": 500,
          "justifyContent": "left",
          "paddingTop": 15,
        }
      }
    >
      Remove
    </div>
    <div
      className="row"
      style={
        Object {
          "justifyContent": "left",
        }
      }
    >
      <form
        className="form-inline"
        onSubmit={[Function]}
      >
        <button
          className="my-1 btn btn-primary"
          disabled={false}
          style={Object {}}
          type="submit"
        >
          Pop
        </button>
        <label
          className="my-1 mr-2 form-label"
        >
          The Element on Top
        </label>
      </form>
    </div>
    <div
      id="stackbox"
      style={
        Object {
          "border": "solid",
          "borderTop": 0,
          "bottom": "12rem",
          "height": "28rem",
          "left": "42rem",
          "marginBottom": "2rem",
          "position": "relative",
          "right": "9rem",
          "width": "18rem",
        }
      }
    />
  </div>
</div>
`;
